2026-08-23 11:17:42,037 [INFO] __main__: TABLE VIII: Cross-Architecture Sink Anchoring (Phi-3-mini)
2026-08-23 11:17:42,037 [INFO] __main__:   Model: phi-3-mini | Tasks: ['qmsum'] | Samples: 30/task | Budget: 20% | invert_norm: True
2026-08-23 11:17:42,038 [INFO] core.model_loader: Loading tokenizer: microsoft/Phi-3-mini-128k-instruct
2026-08-23 11:17:42,150 [INFO] httpx: HTTP Request: HEAD https://huggingface.co/microsoft/Phi-3-mini-128k-instruct/resolve/main/config.json "HTTP/1.1 307 Temporary Redirect"
2026-08-23 11:17:42,156 [INFO] httpx: HTTP Request: HEAD https://huggingface.co/api/resolve-cache/models/microsoft/Phi-3-mini-128k-instruct/f3c06aed622e14ca0abf5115094e4fc9a9948f36/config.json "HTTP/1.1 200 OK"
2026-08-23 11:17:42,226 [INFO] httpx: HTTP Request: HEAD https://huggingface.co/microsoft/Phi-3-mini-128k-instruct/resolve/main/configuration_phi3.py "HTTP/1.1 307 Temporary Redirect"
2026-08-23 11:17:42,233 [INFO] httpx: HTTP Request: HEAD https://huggingface.co/api/resolve-cache/models/microsoft/Phi-3-mini-128k-instruct/f3c06aed622e14ca0abf5115094e4fc9a9948f36/configuration_phi3.py "HTTP/1.1 200 OK"
2026-08-23 11:17:42,320 [INFO] httpx: HTTP Request: HEAD https://huggingface.co/microsoft/Phi-3-mini-128k-instruct/resolve/main/config.json "HTTP/1.1 307 Temporary Redirect"
2026-08-23 11:17:42,328 [INFO] httpx: HTTP Request: HEAD https://huggingface.co/api/resolve-cache/models/microsoft/Phi-3-mini-128k-instruct/f3c06aed622e14ca0abf5115094e4fc9a9948f36/config.json "HTTP/1.1 200 OK"
2026-08-23 11:17:42,383 [INFO] httpx: HTTP Request: HEAD https://huggingface.co/microsoft/Phi-3-mini-128k-instruct/resolve/main/tokenizer_config.json "HTTP/1.1 307 Temporary Redirect"
2026-08-23 11:17:42,391 [INFO] httpx: HTTP Request: HEAD https://huggingface.co/api/resolve-cache/models/microsoft/Phi-3-mini-128k-instruct/f3c06aed622e14ca0abf5115094e4fc9a9948f36/tokenizer_config.json "HTTP/1.1 200 OK"
2026-08-23 11:17:42,465 [INFO] httpx: HTTP Request: HEAD https://huggingface.co/microsoft/Phi-3-mini-128k-instruct/resolve/main/tokenizer_config.json "HTTP/1.1 307 Temporary Redirect"
2026-08-23 11:17:42,474 [INFO] httpx: HTTP Request: HEAD https://huggingface.co/api/resolve-cache/models/microsoft/Phi-3-mini-128k-instruct/f3c06aed622e14ca0abf5115094e4fc9a9948f36/tokenizer_config.json "HTTP/1.1 200 OK"
2026-08-23 11:17:42,529 [INFO] httpx: HTTP Request: GET https://huggingface.co/api/models/microsoft/Phi-3-mini-128k-instruct/tree/main/additional_chat_templates?recursive=false&expand=false "HTTP/1.1 404 Not Found"
2026-08-23 11:17:42,596 [INFO] httpx: HTTP Request: GET https://huggingface.co/api/models/microsoft/Phi-3-mini-128k-instruct/tree/main?recursive=true&expand=false "HTTP/1.1 200 OK"
2026-08-23 11:17:42,955 [INFO] core.model_loader: Loading model: microsoft/Phi-3-mini-128k-instruct in torch.float16
2026-08-23 11:17:42,994 [INFO] httpx: HTTP Request: HEAD https://huggingface.co/microsoft/Phi-3-mini-128k-instruct/resolve/main/config.json "HTTP/1.1 307 Temporary Redirect"
2026-08-23 11:17:43,002 [INFO] httpx: HTTP Request: HEAD https://huggingface.co/api/resolve-cache/models/microsoft/Phi-3-mini-128k-instruct/f3c06aed622e14ca0abf5115094e4fc9a9948f36/config.json "HTTP/1.1 200 OK"
2026-08-23 11:17:46,996 [INFO] httpx: HTTP Request: HEAD https://huggingface.co/microsoft/Phi-3-mini-128k-instruct/resolve/main/generation_config.json "HTTP/1.1 307 Temporary Redirect"
2026-08-23 11:17:47,001 [INFO] httpx: HTTP Request: HEAD https://huggingface.co/api/resolve-cache/models/microsoft/Phi-3-mini-128k-instruct/f3c06aed622e14ca0abf5115094e4fc9a9948f36/generation_config.json "HTTP/1.1 200 OK"
2026-08-23 11:17:47,039 [INFO] core.model_loader: Model loaded: layers=32, num_heads=32, num_kv_heads=32
2026-08-23 11:17:47,047 [INFO] __main__: 
============================================================
2026-08-23 11:17:47,048 [INFO] __main__: Method: FullKV | kwargs={'invert_norm': True}
2026-08-23 11:17:47,049 [INFO] __main__: ============================================================
2026-08-23 11:17:47,049 [INFO] core.dataset_loader: Loading LongBench/qmsum ...
2026-08-23 11:17:47,087 [INFO] httpx: HTTP Request: GET https://huggingface.co/api/datasets/THUDM/LongBench/revision/5e628be450b7e67fb7ae6e201bd6d8f7056f7672 "HTTP/1.1 307 Temporary Redirect"
2026-08-23 11:17:47,127 [INFO] httpx: HTTP Request: GET https://huggingface.co/api/datasets/zai-org/LongBench/revision/5e628be450b7e67fb7ae6e201bd6d8f7056f7672 "HTTP/1.1 200 OK"
2026-08-23 11:17:47,336 [INFO] httpx: HTTP Request: GET https://huggingface.co/api/datasets/THUDM/LongBench/revision/5e628be450b7e67fb7ae6e201bd6d8f7056f7672 "HTTP/1.1 307 Temporary Redirect"
2026-08-23 11:17:47,366 [INFO] httpx: HTTP Request: GET https://huggingface.co/api/datasets/zai-org/LongBench/revision/5e628be450b7e67fb7ae6e201bd6d8f7056f7672 "HTTP/1.1 200 OK"
2026-08-23 11:17:47,402 [INFO] httpx: HTTP Request: GET https://huggingface.co/api/datasets/THUDM/LongBench/tree/5e628be450b7e67fb7ae6e201bd6d8f7056f7672?recursive=false&expand=false "HTTP/1.1 307 Temporary Redirect"
2026-08-23 11:17:47,462 [INFO] httpx: HTTP Request: GET https://huggingface.co/api/datasets/zai-org/LongBench/tree/5e628be450b7e67fb7ae6e201bd6d8f7056f7672?recursive=false&expand=false "HTTP/1.1 200 OK"
2026-08-23 11:17:47,773 [INFO] core.dataset_loader: Loaded 30 samples from qmsum
2026-08-23 11:17:50,617 [INFO] core.evaluator_v2: [fullkv] pred='The target price for the remote control is 25 Euros, the target cost is estimated to be no more than 12.5 Euros per unit'
2026-08-23 11:17:54,553 [INFO] core.evaluator_v2: [fullkv] pred='Marketing discussed market trend findings from Trendwatchers, revealing that younger, trendy individuals prefer fruit an'
2026-08-23 11:17:54,776 [WARNING] core.model_loader: Input length 17283 > max 16000, truncating...
2026-08-23 11:17:59,263 [INFO] core.evaluator_v2: [fullkv] pred='The SmartKom system had issues with instability, and the version on the server did not work without shortcuts. It was al'
2026-08-23 11:18:07,208 [INFO] core.evaluator_v2: [fullkv] pred="The team discussed the prototype's design, including the decision to use large buttons instead of a touch screen and a s"
2026-08-23 11:18:10,350 [INFO] core.evaluator_v2: [fullkv] pred='The user interface designer proposed using a whole body made of titanium with rubber parts like the buttons, and suggest'
2026-08-23 11:18:10,565 [WARNING] core.model_loader: Input length 20514 > max 16000, truncating...
2026-08-23 11:18:14,029 [INFO] core.evaluator_v2: [fullkv] pred='The professor thought that MSG was a good approach but potentially complicated, and suggested that it might be something'
2026-08-23 11:18:14,345 [WARNING] core.model_loader: Input length 20148 > max 16000, truncating...
2026-08-23 11:18:19,309 [INFO] core.evaluator_v2: [fullkv] pred='D thought the experimental setup of the computer navigation system was interesting, but also recognized that it might be'
2026-08-23 11:18:19,577 [WARNING] core.model_loader: Input length 18121 > max 16000, truncating...
2026-08-23 11:18:23,716 [INFO] core.evaluator_v2: [fullkv] pred='The early implementer areas were chosen for a deeper understanding of the diverse challenges and needs across different '
2026-08-23 11:18:23,937 [WARNING] core.model_loader: Input length 18914 > max 16000, truncating...
2026-08-23 11:18:27,921 [INFO] core.evaluator_v2: [fullkv] pred='Grad E offered an eighteen gigabyte drive from their computer, Samosa, which had about twelve gigabytes left, indicating'
2026-08-23 11:18:31,896 [INFO] core.evaluator_v2: [fullkv] pred='The team discussed designing a child-proof remote control that is robust, waterproof, and has a simple, intuitive interf'
2026-08-23 11:18:32,117 [WARNING] core.model_loader: Input length 18648 > max 16000, truncating...
2026-08-23 11:18:37,778 [INFO] core.evaluator_v2: [fullkv] pred='They decided to order one more wireless microphone with a different headset to see if it works better, and to consider g'
2026-08-23 11:18:38,076 [WARNING] core.model_loader: Input length 18132 > max 16000, truncating...
2026-08-23 11:18:44,427 [INFO] core.evaluator_v2: [fullkv] pred='Huw Irranca-Davies ensured the high qualification and quality of the workforce by focusing on registered inspected provi'
2026-08-23 11:18:51,778 [INFO] core.evaluator_v2: [fullkv] pred="The Welsh Government is committed to protecting children's rights and has not introduced easements in children's service"
2026-08-23 11:18:55,753 [INFO] core.evaluator_v2: [fullkv] pred='Project Manager agreed with Marketing because they both acknowledged that the remote control is designed with right-hand'
2026-08-23 11:19:01,776 [INFO] core.evaluator_v2: [fullkv] pred='The team decided on a remote control design featuring a simple battery, advanced integrated circuits, a curved case with'
2026-08-23 11:19:08,707 [INFO] core.evaluator_v2: [fullkv] pred='The meeting began with the Project Manager introducing the kick-off meeting and the agenda, which included designing a n'
2026-08-23 11:19:12,447 [INFO] core.evaluator_v2: [fullkv] pred='The team discussed the function design of the remote control, emphasizing the need for it to be user-friendly, robust, a'
2026-08-23 11:19:12,613 [WARNING] core.model_loader: Input length 18650 > max 16000, truncating...
2026-08-23 11:19:20,058 [INFO] core.evaluator_v2: [fullkv] pred='The group discussed the microphone data, noting that the current system uses eight microphones, with a ninth one being p'
2026-08-23 11:19:20,288 [WARNING] core.model_loader: Input length 18508 > max 16000, truncating...
2026-08-23 11:19:25,516 [INFO] core.evaluator_v2: [fullkv] pred='The Industrial Designer and the Project Manager discussed the necessity of using an advanced chip to have an LCD screen,'
2026-08-23 11:19:25,812 [WARNING] core.model_loader: Input length 18111 > max 16000, truncating...
2026-08-23 11:19:33,160 [INFO] core.evaluator_v2: [fullkv] pred='The Minister for Children and Social Care discussed the early implementer areas, highlighting the success and learning o'
2026-08-23 11:19:33,340 [WARNING] core.model_loader: Input length 16085 > max 16000, truncating...
2026-08-23 11:19:41,099 [INFO] core.evaluator_v2: [fullkv] pred='The team presented a prototype model of a remote control with a fruit-themed design, featuring titanium as the material '
2026-08-23 11:19:41,360 [WARNING] core.model_loader: Input length 29065 > max 16000, truncating...
2026-08-23 11:19:45,340 [INFO] core.evaluator_v2: [fullkv] pred='The government was going to roll out a policy of net-zero emissions by 2050 and surpassing the targets originally set fo'
2026-08-23 11:19:45,567 [WARNING] core.model_loader: Input length 20514 > max 16000, truncating...
2026-08-23 11:19:53,475 [INFO] core.evaluator_v2: [fullkv] pred='The team acknowledged that they had some successes with their experiments, but also recognized that there were still man'
2026-08-23 11:19:58,492 [INFO] core.evaluator_v2: [fullkv] pred='The group disagreed with the Project Manager because they felt the meetings lacked creativity and teamwork, and they bel'
2026-08-23 11:20:04,904 [INFO] core.evaluator_v2: [fullkv] pred='During the meeting, the team discussed the prototype of a new remote control, focusing on its design, functionality, and'
2026-08-23 11:20:08,088 [INFO] core.evaluator_v2: [fullkv] pred='The Project Manager suggested simplifying the functions and buttons of the remote control to make it more user-friendly,'
2026-08-23 11:20:08,271 [WARNING] core.model_loader: Input length 16079 > max 16000, truncating...
2026-08-23 11:20:15,248 [INFO] core.evaluator_v2: [fullkv] pred='The team discussed the prototype of a new remote control with a fruit-themed design, focusing on its features such as to'
2026-08-23 11:20:15,467 [WARNING] core.model_loader: Input length 20145 > max 16000, truncating...
2026-08-23 11:20:18,857 [INFO] core.evaluator_v2: [fullkv] pred='A thought it was a good idea to record the meeting for future reference and to potentially get help from others when sta'
2026-08-23 11:20:21,871 [INFO] core.evaluator_v2: [fullkv] pred='The Project Manager considered advanced technology design to ensure the remote control does not become outdated soon and'
2026-08-23 11:20:27,426 [INFO] core.evaluator_v2: [fullkv] pred='The meeting was a kick-off for designing a new, original, and user-friendly remote control. The team discussed functiona'
2026-08-23 11:20:27,430 [INFO] __main__:   → qmsum: avg=15.73  collapse=0/30
2026-08-23 11:20:27,444 [INFO] core.results_manager: JSON saved to results/v3_verified/exp10_crossarch_phi3_20260823_111747.json
2026-08-23 11:20:27,445 [INFO] __main__: [중간 저장 완료] 1/8 방법
2026-08-23 11:20:27,446 [INFO] __main__: 
============================================================
2026-08-23 11:20:27,447 [INFO] __main__: Method: StreamingLLM | kwargs={'invert_norm': True}
2026-08-23 11:20:27,447 [INFO] __main__: ============================================================
2026-08-23 11:20:27,447 [INFO] core.dataset_loader: Loading LongBench/qmsum ...
2026-08-23 11:20:27,505 [INFO] httpx: HTTP Request: GET https://huggingface.co/api/datasets/THUDM/LongBench/revision/5e628be450b7e67fb7ae6e201bd6d8f7056f7672 "HTTP/1.1 307 Temporary Redirect"
2026-08-23 11:20:27,550 [INFO] httpx: HTTP Request: GET https://huggingface.co/api/datasets/zai-org/LongBench/revision/5e628be450b7e67fb7ae6e201bd6d8f7056f7672 "HTTP/1.1 200 OK"
2026-08-23 11:20:27,907 [INFO] core.dataset_loader: Loaded 30 samples from qmsum
2026-08-23 11:20:32,262 [INFO] core.evaluator_v2: [streamingllm] pred='The target price for the remote control is not explicitly mentioned, but the team is considering a high-end, buttonless '
2026-08-23 11:20:35,356 [INFO] core.evaluator_v2: [streamingllm] pred='Marketing discussed that younger people are interested in new designs, as indicated by the mention of a "something new" '
2026-08-23 11:20:35,693 [WARNING] core.model_loader: Input length 17283 > max 16000, truncating...
2026-08-23 11:20:39,983 [INFO] core.evaluator_v2: [streamingllm] pred='The SmartKom system had issues with the image schemas, which were important for the project. Additionally, there were pr'
2026-08-23 11:20:44,983 [INFO] core.evaluator_v2: [streamingllm] pred='The review of past meetings highlighted issues such as the need for clearer conceptual understanding, particularly regar'
2026-08-23 11:20:47,789 [INFO] core.evaluator_v2: [streamingllm] pred='The user interface designer proposed exploring two options for the industrial components: a banana-shaped titanium desig'
2026-08-23 11:20:48,001 [WARNING] core.model_loader: Input length 20514 > max 16000, truncating...
2026-08-23 11:20:51,390 [INFO] core.evaluator_v2: [streamingllm] pred='The professor seemed to appreciate MSG for its different temporal properties and potential for incorporating various tem'
2026-08-23 11:20:51,616 [WARNING] core.model_loader: Input length 20148 > max 16000, truncating...
2026-08-23 11:20:54,859 [INFO] core.evaluator_v2: [streamingllm] pred='D thought the experimental setup of the computer navigation system was problematic, as it often led users to the wrong e'
2026-08-23 11:20:55,171 [WARNING] core.model_loader: Input length 18121 > max 16000, truncating...
2026-08-23 11:20:58,684 [INFO] core.evaluator_v2: [streamingllm] pred='The intensity of demands in the early implementer areas is not necessarily indicative of a spread across Wales, as these'
2026-08-23 11:20:59,023 [WARNING] core.model_loader: Input length 18914 > max 16000, truncating...
2026-08-23 11:21:01,837 [INFO] core.evaluator_v2: [streamingllm] pred="Grad E mentioned having a drive with 1TB of storage and offered it for the team's use."
2026-08-23 11:21:05,743 [INFO] core.evaluator_v2: [streamingllm] pred='The team discussed designing a remote control for children, emphasizing simplicity and safety. They considered features '
2026-08-23 11:21:05,949 [WARNING] core.model_loader: Input length 18648 > max 16000, truncating...
2026-08-23 11:21:10,551 [INFO] core.evaluator_v2: [streamingllm] pred='They decided to have transcribers discuss the data from meetings in a meta-meeting format, record it, and possibly have '
2026-08-23 11:21:10,825 [WARNING] core.model_loader: Input length 18132 > max 16000, truncating...
2026-08-23 11:21:15,228 [INFO] core.evaluator_v2: [streamingllm] pred='Huw Irranca-Davies ensured the high qualification and quality of the workforce by focusing on registered inspected provi'
2026-08-23 11:21:19,163 [INFO] core.evaluator_v2: [streamingllm] pred="The evaluations on the legitimacy of children's rights, protection, and demands were not explicitly discussed in the pro"
2026-08-23 11:21:22,961 [INFO] core.evaluator_v2: [streamingllm] pred="Project Manager agreed with Marketing because they both recognized that the remote control's design, which allowed it to"
2026-08-23 11:21:28,656 [INFO] core.evaluator_v2: [streamingllm] pred='The team decided on a remote control design featuring a simple battery, advanced integrated circuits, a curved one-sided'
2026-08-23 11:21:33,983 [INFO] core.evaluator_v2: [streamingllm] pred='The meeting focused on designing a universal remote control that works with various brands and technologies, including D'
2026-08-23 11:21:35,797 [INFO] core.evaluator_v2: [streamingllm] pred='The team discussed function design and agreed to meet again in thirty minutes to decide on important ideas and technical'
2026-08-23 11:21:35,978 [WARNING] core.model_loader: Input length 18650 > max 16000, truncating...
2026-08-23 11:21:40,708 [INFO] core.evaluator_v2: [streamingllm] pred='The group discussed the progress of transcribing microphone data, with twelve hours assigned and nine completed as of th'
2026-08-23 11:21:40,944 [WARNING] core.model_loader: Input length 18508 > max 16000, truncating...
2026-08-23 11:21:44,402 [INFO] core.evaluator_v2: [streamingllm] pred='The Industrial Designer and the Project Manager discussed the LCD screen, agreeing that it is useful for drawing and sav'
2026-08-23 11:21:44,678 [WARNING] core.model_loader: Input length 18111 > max 16000, truncating...
2026-08-23 11:21:49,489 [INFO] core.evaluator_v2: [streamingllm] pred='The early implementer areas are being assessed for their effectiveness in providing childcare, with a focus on real-life'
2026-08-23 11:21:49,861 [WARNING] core.model_loader: Input length 16085 > max 16000, truncating...
2026-08-23 11:21:53,920 [INFO] core.evaluator_v2: [streamingllm] pred='The team presented a prototype model featuring a unique strawberry design, speech recognition, location finding, and new'
2026-08-23 11:21:54,159 [WARNING] core.model_loader: Input length 29065 > max 16000, truncating...
2026-08-23 11:21:57,229 [INFO] core.evaluator_v2: [streamingllm] pred='The government was going to roll out a policy of consistent criteria for all employees in all sectors, including specifi'
2026-08-23 11:21:57,438 [WARNING] core.model_loader: Input length 20514 > max 16000, truncating...
2026-08-23 11:22:01,224 [INFO] core.evaluator_v2: [streamingllm] pred='The team felt they had made progress, but acknowledged that there was still much to do, as nothing they were doing would'
2026-08-23 11:22:05,117 [INFO] core.evaluator_v2: [streamingllm] pred='The group disagreed with the Project Manager because they felt the previous meetings focused more on technical evaluatio'
2026-08-23 11:22:10,124 [INFO] core.evaluator_v2: [streamingllm] pred='During the meeting, the team discussed the design and functionality of a new remote control gun project. They evaluated '
2026-08-23 11:22:12,791 [INFO] core.evaluator_v2: [streamingllm] pred='The Project Manager suggested reducing the number of functions and buttons on the remote control to make the most common'
2026-08-23 11:22:12,989 [WARNING] core.model_loader: Input length 16079 > max 16000, truncating...
2026-08-23 11:22:17,990 [INFO] core.evaluator_v2: [streamingllm] pred='The team discussed the development of a new remote control with unique features like speech recognition, location findin'
2026-08-23 11:22:18,369 [WARNING] core.model_loader: Input length 20145 > max 16000, truncating...
2026-08-23 11:22:21,308 [INFO] core.evaluator_v2: [streamingllm] pred='A thought it would be interesting to set up the recording equipment to capture filthy pictures of Heidelberg, as mention'
2026-08-23 11:22:24,665 [INFO] core.evaluator_v2: [streamingllm] pred='The Project Manager considered advanced technology design for the technical functions to ensure the product would appeal'
2026-08-23 11:22:28,003 [INFO] core.evaluator_v2: [streamingllm] pred='The meeting involved discussions on user requirements and user experience for a project, with the team brainstorming ide'
2026-08-23 11:22:28,026 [INFO] __main__:   → qmsum: avg=13.91  collapse=0/30
2026-08-23 11:22:28,038 [INFO] core.results_manager: JSON saved to results/v3_verified/exp10_crossarch_phi3_20260823_111747.json
2026-08-23 11:22:28,039 [INFO] __main__: [중간 저장 완료] 2/8 방법
2026-08-23 11:22:28,039 [INFO] __main__: 
============================================================
2026-08-23 11:22:28,040 [INFO] __main__: Method: H2O(sink=0) | kwargs={'sink_size': 0, 'invert_norm': True}
2026-08-23 11:22:28,040 [INFO] __main__: ============================================================
2026-08-23 11:22:28,040 [INFO] core.dataset_loader: Loading LongBench/qmsum ...
2026-08-23 11:22:28,106 [INFO] httpx: HTTP Request: GET https://huggingface.co/api/datasets/THUDM/LongBench/revision/5e628be450b7e67fb7ae6e201bd6d8f7056f7672 "HTTP/1.1 307 Temporary Redirect"
2026-08-23 11:22:28,154 [INFO] httpx: HTTP Request: GET https://huggingface.co/api/datasets/zai-org/LongBench/revision/5e628be450b7e67fb7ae6e201bd6d8f7056f7672 "HTTP/1.1 200 OK"
2026-08-23 11:22:28,527 [INFO] core.dataset_loader: Loaded 30 samples from qmsum
2026-08-23 11:22:30,824 [INFO] core.evaluator_v2: [h2o] pred='The target price for the remote control is 25 Euros, the estimated production cost is 12 Euros, and the target profit is'
2026-08-23 11:22:34,027 [INFO] core.evaluator_v2: [h2o] pred='Marketing discussed findings from a market trend investigation, noting that younger people prefer soft materials, primar'
2026-08-23 11:22:34,381 [WARNING] core.model_loader: Input length 17283 > max 16000, truncating...
2026-08-23 11:22:38,278 [INFO] core.evaluator_v2: [h2o] pred='The SmartKom system had issues with instability and did not work as a fully functional version, requiring shortcuts and '
2026-08-23 11:22:43,907 [INFO] core.evaluator_v2: [h2o] pred='The team discussed the need to develop a remote control with voice recognition and a non-traditional shape, avoiding tou'
2026-08-23 11:22:47,162 [INFO] core.evaluator_v2: [h2o] pred='The user interface designer proposed exploring two options for the industrial components: using titanium for the remote '
2026-08-23 11:22:47,405 [WARNING] core.model_loader: Input length 20514 > max 16000, truncating...
2026-08-23 11:22:50,568 [INFO] core.evaluator_v2: [h2o] pred='The professor seemed to like MSG and thought it had potential, but also recognized that it might be complicated and sugg'
2026-08-23 11:22:50,816 [WARNING] core.model_loader: Input length 20148 > max 16000, truncating...
2026-08-23 11:22:54,538 [INFO] core.evaluator_v2: [h2o] pred='D thought the experimental setup of the computer navigation system was ambitious, involving tasks that required users to'
2026-08-23 11:22:54,809 [WARNING] core.model_loader: Input length 18121 > max 16000, truncating...
2026-08-23 11:22:58,253 [INFO] core.evaluator_v2: [h2o] pred='The early implementer areas were chosen for their diverse range of childcare environments and complexities, allowing for'
2026-08-23 11:22:58,492 [WARNING] core.model_loader: Input length 18914 > max 16000, truncating...
2026-08-23 11:23:01,526 [INFO] core.evaluator_v2: [h2o] pred='Grad E mentioned having an eighteen gigabyte drive installed on their computer, Samosa, which could potentially be used '
2026-08-23 11:23:04,966 [INFO] core.evaluator_v2: [h2o] pred='The team discussed designing a child-proof remote control that is robust, waterproof, and possibly has a child lock. The'
2026-08-23 11:23:05,202 [WARNING] core.model_loader: Input length 18648 > max 16000, truncating...
2026-08-23 11:23:08,133 [INFO] core.evaluator_v2: [h2o] pred='They decided to order nine identical headband microphones and to consider using wireless microphones for larger groups.'
2026-08-23 11:23:08,660 [WARNING] core.model_loader: Input length 18132 > max 16000, truncating...
2026-08-23 11:23:12,377 [INFO] core.evaluator_v2: [h2o] pred='Huw Irranca-Davies emphasized the importance of registered inspected providers and the focus on quality childcare, despi'
2026-08-23 11:23:16,872 [INFO] core.evaluator_v2: [h2o] pred="The Welsh Government is actively monitoring the impact of COVID-19 on children's rights and services, ensuring that esse"
2026-08-23 11:23:20,224 [INFO] core.evaluator_v2: [h2o] pred='Project Manager agreed with Marketing because they both considered the remote control to be more suitable for right-hand'
2026-08-23 11:23:24,851 [INFO] core.evaluator_v2: [h2o] pred='The team decided on a remote control with a curved, vegetable-themed design featuring an LCD display, advanced integrate'
2026-08-23 11:23:29,905 [INFO] core.evaluator_v2: [h2o] pred='The meeting began with the Project Manager introducing the agenda and the kick-off meeting for designing a new televisio'
2026-08-23 11:23:33,026 [INFO] core.evaluator_v2: [h2o] pred='The team discussed the importance of a functional design for the new remote control, emphasizing that it should be origi'
2026-08-23 11:23:33,362 [WARNING] core.model_loader: Input length 18650 > max 16000, truncating...
2026-08-23 11:23:38,467 [INFO] core.evaluator_v2: [h2o] pred='The group discussed the microphone data, focusing on the quality of transcriptions and the potential for optimization. T'
2026-08-23 11:23:38,701 [WARNING] core.model_loader: Input length 18508 > max 16000, truncating...
2026-08-23 11:23:42,576 [INFO] core.evaluator_v2: [h2o] pred='The Industrial Designer and the Project Manager discussed the necessity of using an advanced chip for the LCD screen, as'
2026-08-23 11:23:42,825 [WARNING] core.model_loader: Input length 18111 > max 16000, truncating...
2026-08-23 11:23:48,377 [INFO] core.evaluator_v2: [h2o] pred='The discussion about the early implementer areas focused on the success of the childcare offer pilots, the challenges of'
2026-08-23 11:23:48,583 [WARNING] core.model_loader: Input length 16085 > max 16000, truncating...
2026-08-23 11:23:52,964 [INFO] core.evaluator_v2: [h2o] pred='The team presented a prototype model of a remote control with a fruit-themed design, primarily strawberries, and discuss'
2026-08-23 11:23:53,187 [WARNING] core.model_loader: Input length 29065 > max 16000, truncating...
2026-08-23 11:23:56,620 [INFO] core.evaluator_v2: [h2o] pred='The government was going to roll out a policy to adjust the eligibility criteria for the emergency wage subsidy program '
2026-08-23 11:23:56,821 [WARNING] core.model_loader: Input length 20514 > max 16000, truncating...
2026-08-23 11:24:01,527 [INFO] core.evaluator_v2: [h2o] pred='The team acknowledged that they had made some progress, but also recognized that there were still many open questions an'
2026-08-23 11:24:06,821 [INFO] core.evaluator_v2: [h2o] pred='The group disagreed with the Project Manager because they felt the meetings were not as productive as they could have be'
2026-08-23 11:24:11,859 [INFO] core.evaluator_v2: [h2o] pred='During the meeting, the project team discussed the prototype of a new remote control, focusing on its design, functional'
2026-08-23 11:24:14,907 [INFO] core.evaluator_v2: [h2o] pred='The Project Manager suggested cutting down the functions and buttons of the remote control to focus on simpler controls,'
2026-08-23 11:24:15,097 [WARNING] core.model_loader: Input length 16079 > max 16000, truncating...
2026-08-23 11:24:20,749 [INFO] core.evaluator_v2: [h2o] pred='The meeting was a detailed design discussion for a prototype remote control, with the team presenting the model and tech'
2026-08-23 11:24:20,959 [WARNING] core.model_loader: Input length 20145 > max 16000, truncating...
2026-08-23 11:24:24,050 [INFO] core.evaluator_v2: [h2o] pred='A thought it was a good idea to record the meeting for the benefit of the SmartKom system developers, as they could use '
2026-08-23 11:24:26,693 [INFO] core.evaluator_v2: [h2o] pred='The Project Manager considered advanced technology design for the technical functions to ensure the remote control would'
2026-08-23 11:24:30,531 [INFO] core.evaluator_v2: [h2o] pred='The meeting was a kick-off for designing a new, original, and user-friendly remote control. The team discussed the impor'
2026-08-23 11:24:30,534 [INFO] __main__:   → qmsum: avg=14.80  collapse=0/30
2026-08-23 11:24:30,544 [INFO] core.results_manager: JSON saved to results/v3_verified/exp10_crossarch_phi3_20260823_111747.json
2026-08-23 11:24:30,544 [INFO] __main__: [중간 저장 완료] 3/8 방법
2026-08-23 11:24:30,544 [INFO] __main__: 
============================================================
2026-08-23 11:24:30,545 [INFO] __main__: Method: H2O(sink=4) | kwargs={'sink_size': 4, 'invert_norm': True}
2026-08-23 11:24:30,545 [INFO] __main__: ============================================================
2026-08-23 11:24:30,545 [INFO] core.dataset_loader: Loading LongBench/qmsum ...
2026-08-23 11:24:30,612 [INFO] httpx: HTTP Request: GET https://huggingface.co/api/datasets/THUDM/LongBench/revision/5e628be450b7e67fb7ae6e201bd6d8f7056f7672 "HTTP/1.1 307 Temporary Redirect"
2026-08-23 11:24:30,652 [INFO] httpx: HTTP Request: GET https://huggingface.co/api/datasets/zai-org/LongBench/revision/5e628be450b7e67fb7ae6e201bd6d8f7056f7672 "HTTP/1.1 200 OK"
2026-08-23 11:24:30,903 [INFO] core.dataset_loader: Loaded 30 samples from qmsum
2026-08-23 11:24:32,703 [INFO] core.evaluator_v2: [h2o] pred='The target price for the remote control is 25 Euros, the target cost is 12 Euros, and the target profit is 5 million Eur'
2026-08-23 11:24:35,325 [INFO] core.evaluator_v2: [h2o] pred='Marketing discussed findings from a market trend investigation, noting that younger people prefer soft materials, primar'
2026-08-23 11:24:35,525 [WARNING] core.model_loader: Input length 17283 > max 16000, truncating...
2026-08-23 11:24:39,223 [INFO] core.evaluator_v2: [h2o] pred='The SmartKom system had issues with instability and did not work as a fully functional version, requiring shortcuts and '
2026-08-23 11:24:44,332 [INFO] core.evaluator_v2: [h2o] pred='The team discussed the need to develop a remote control with voice recognition and a non-traditional shape, avoiding tou'
2026-08-23 11:24:47,369 [INFO] core.evaluator_v2: [h2o] pred='The user interface designer proposed exploring two options for the industrial components: using titanium for the remote '
2026-08-23 11:24:47,583 [WARNING] core.model_loader: Input length 20514 > max 16000, truncating...
2026-08-23 11:24:50,604 [INFO] core.evaluator_v2: [h2o] pred='The professor seemed to like MSG and thought it had potential, but also recognized that it might be complicated and sugg'
2026-08-23 11:24:50,847 [WARNING] core.model_loader: Input length 20148 > max 16000, truncating...
2026-08-23 11:24:54,344 [INFO] core.evaluator_v2: [h2o] pred='D thought the experimental setup of the computer navigation system was ambitious, involving tasks that required users to'
2026-08-23 11:24:54,570 [WARNING] core.model_loader: Input length 18121 > max 16000, truncating...
2026-08-23 11:24:57,918 [INFO] core.evaluator_v2: [h2o] pred='The early implementer areas were chosen for their diverse range of childcare environments and complexities, allowing for'
2026-08-23 11:24:58,134 [WARNING] core.model_loader: Input length 18914 > max 16000, truncating...
2026-08-23 11:25:01,162 [INFO] core.evaluator_v2: [h2o] pred='Grad E mentioned having an eighteen gigabyte drive installed on their computer, Samosa, which could potentially be used '
2026-08-23 11:25:04,169 [INFO] core.evaluator_v2: [h2o] pred='The team discussed designing a child-proof remote control that is robust, waterproof, and possibly has a child lock. The'
2026-08-23 11:25:04,346 [WARNING] core.model_loader: Input length 18648 > max 16000, truncating...
2026-08-23 11:25:07,089 [INFO] core.evaluator_v2: [h2o] pred='They decided to order nine identical headband microphones and to consider using wireless microphones for larger groups.'
2026-08-23 11:25:07,474 [WARNING] core.model_loader: Input length 18132 > max 16000, truncating...
2026-08-23 11:25:10,919 [INFO] core.evaluator_v2: [h2o] pred='Huw Irranca-Davies emphasized the importance of registered inspected providers and the focus on quality childcare, despi'
2026-08-23 11:25:16,135 [INFO] core.evaluator_v2: [h2o] pred="The Welsh Government is actively monitoring the impact of COVID-19 on children's rights and services, ensuring that esse"
2026-08-23 11:25:19,450 [INFO] core.evaluator_v2: [h2o] pred='Project Manager agreed with Marketing because they both considered the remote control to be more suitable for right-hand'
2026-08-23 11:25:23,945 [INFO] core.evaluator_v2: [h2o] pred='The team decided on a remote control with a curved, vegetable-themed design featuring an LCD display, advanced integrate'
2026-08-23 11:25:29,643 [INFO] core.evaluator_v2: [h2o] pred='The meeting began with the Project Manager introducing the agenda and the kick-off meeting for designing a new televisio'
2026-08-23 11:25:32,757 [INFO] core.evaluator_v2: [h2o] pred='The team discussed the importance of a functional design for the new remote control, emphasizing that it should be origi'
2026-08-23 11:25:32,961 [WARNING] core.model_loader: Input length 18650 > max 16000, truncating...
2026-08-23 11:25:38,248 [INFO] core.evaluator_v2: [h2o] pred='The group discussed the microphone data, focusing on the quality of transcriptions and the potential for optimization. T'
2026-08-23 11:25:38,547 [WARNING] core.model_loader: Input length 18508 > max 16000, truncating...
2026-08-23 11:25:42,196 [INFO] core.evaluator_v2: [h2o] pred='The Industrial Designer and the Project Manager discussed the necessity of using an advanced chip for the LCD screen, as'
2026-08-23 11:25:42,425 [WARNING] core.model_loader: Input length 18111 > max 16000, truncating...
2026-08-23 11:25:47,661 [INFO] core.evaluator_v2: [h2o] pred='The discussion about the early implementer areas focused on the success of the childcare offer pilots, the challenges of'
2026-08-23 11:25:47,865 [WARNING] core.model_loader: Input length 16085 > max 16000, truncating...
2026-08-23 11:25:52,236 [INFO] core.evaluator_v2: [h2o] pred='The team presented a prototype model of a remote control with a fruit-themed design, primarily strawberries, and discuss'
2026-08-23 11:25:52,595 [WARNING] core.model_loader: Input length 29065 > max 16000, truncating...
2026-08-23 11:25:55,929 [INFO] core.evaluator_v2: [h2o] pred='The government was going to roll out a policy to adjust the eligibility criteria for the emergency wage subsidy program '
2026-08-23 11:25:56,280 [WARNING] core.model_loader: Input length 20514 > max 16000, truncating...
2026-08-23 11:26:00,355 [INFO] core.evaluator_v2: [h2o] pred='The team acknowledged that they had made some progress, but also recognized that there were still many open questions an'
2026-08-23 11:26:05,291 [INFO] core.evaluator_v2: [h2o] pred='The group disagreed with the Project Manager because they felt the meetings were not as productive as they could have be'
2026-08-23 11:26:10,096 [INFO] core.evaluator_v2: [h2o] pred='During the meeting, the team discussed the prototype of a new remote control, focusing on its design, functionality, and'
2026-08-23 11:26:12,913 [INFO] core.evaluator_v2: [h2o] pred='The Project Manager suggested cutting down the functions and buttons of the remote control to focus on simpler controls,'
2026-08-23 11:26:13,091 [WARNING] core.model_loader: Input length 16079 > max 16000, truncating...
2026-08-23 11:26:18,508 [INFO] core.evaluator_v2: [h2o] pred='The meeting was a detailed design discussion for a prototype remote control, with the team presenting the model and tech'
2026-08-23 11:26:18,727 [WARNING] core.model_loader: Input length 20145 > max 16000, truncating...
2026-08-23 11:26:21,774 [INFO] core.evaluator_v2: [h2o] pred='A thought it was a good idea to record the meeting for the benefit of the SmartKom system developers, as they could use '
2026-08-23 11:26:24,670 [INFO] core.evaluator_v2: [h2o] pred='The Project Manager considered advanced technology design for the technical functions to ensure the remote control would'
2026-08-23 11:26:29,192 [INFO] core.evaluator_v2: [h2o] pred='The meeting was a kick-off for designing a new, original, and user-friendly remote control. The team discussed the impor'
2026-08-23 11:26:29,195 [INFO] __main__:   → qmsum: avg=14.85  collapse=0/30
2026-08-23 11:26:29,227 [INFO] core.results_manager: JSON saved to results/v3_verified/exp10_crossarch_phi3_20260823_111747.json
2026-08-23 11:26:29,227 [INFO] __main__: [중간 저장 완료] 4/8 방법
2026-08-23 11:26:29,228 [INFO] __main__: 
============================================================
2026-08-23 11:26:29,229 [INFO] __main__: Method: SnapKV | kwargs={'invert_norm': True}
2026-08-23 11:26:29,229 [INFO] __main__: ============================================================
2026-08-23 11:26:29,230 [INFO] core.dataset_loader: Loading LongBench/qmsum ...
2026-08-23 11:26:29,284 [INFO] httpx: HTTP Request: GET https://huggingface.co/api/datasets/THUDM/LongBench/revision/5e628be450b7e67fb7ae6e201bd6d8f7056f7672 "HTTP/1.1 307 Temporary Redirect"
2026-08-23 11:26:29,313 [INFO] httpx: HTTP Request: GET https://huggingface.co/api/datasets/zai-org/LongBench/revision/5e628be450b7e67fb7ae6e201bd6d8f7056f7672 "HTTP/1.1 200 OK"
2026-08-23 11:26:29,621 [INFO] core.dataset_loader: Loaded 30 samples from qmsum
2026-08-23 11:26:31,838 [INFO] core.evaluator_v2: [snapkv] pred='The target price for the remote control is 25 Euros, the target cost is 12.5 Euros, and the target profit is 50 million '
2026-08-23 11:26:34,689 [INFO] core.evaluator_v2: [snapkv] pred='Marketing discussed findings from a trend-watching report by Trendwatchers, indicating that younger people prefer soft m'
2026-08-23 11:26:34,878 [WARNING] core.model_loader: Input length 17283 > max 16000, truncating...
2026-08-23 11:26:38,261 [INFO] core.evaluator_v2: [snapkv] pred='The SmartKom system was unstable and did not have a fully working version without shortcuts. The version on the server d'
2026-08-23 11:26:42,208 [INFO] core.evaluator_v2: [snapkv] pred='The team discussed issues from past meetings, including the need for better brainstorming and creativity, the drop in in'
2026-08-23 11:26:44,874 [INFO] core.evaluator_v2: [snapkv] pred='The user interface designer proposed using simple push buttons for the remote control design, as they are less expensive'
2026-08-23 11:26:45,057 [WARNING] core.model_loader: Input length 20514 > max 16000, truncating...
2026-08-23 11:26:48,429 [INFO] core.evaluator_v2: [snapkv] pred='The professor seemed to have a positive view of MSG, appreciating its different temporal properties and suggesting that '
2026-08-23 11:26:48,646 [WARNING] core.model_loader: Input length 20148 > max 16000, truncating...
2026-08-23 11:26:52,180 [INFO] core.evaluator_v2: [snapkv] pred="D thought the experimental setup of the computer navigation system was problematic, as it didn't account for the actual "
2026-08-23 11:26:52,378 [WARNING] core.model_loader: Input length 18121 > max 16000, truncating...
2026-08-23 11:26:56,209 [INFO] core.evaluator_v2: [snapkv] pred='The intensity of demands in early implementer areas is not intended to be spread across Wales because these areas are se'
2026-08-23 11:26:56,429 [WARNING] core.model_loader: Input length 18914 > max 16000, truncating...
2026-08-23 11:26:59,394 [INFO] core.evaluator_v2: [snapkv] pred='Grad E mentioned having an eighteen gigabyte drive installed on their computer, which could potentially be used to store'
2026-08-23 11:27:03,145 [INFO] core.evaluator_v2: [snapkv] pred='The team discussed designing a child-proof remote control that is robust, possibly waterproof, and includes a child lock'
2026-08-23 11:27:03,307 [WARNING] core.model_loader: Input length 18648 > max 16000, truncating...
2026-08-23 11:27:06,651 [INFO] core.evaluator_v2: [snapkv] pred='They decided to try the close-talk microphones on the far-field mike and to consider making custom handbands for the mic'
2026-08-23 11:27:06,867 [WARNING] core.model_loader: Input length 18132 > max 16000, truncating...
2026-08-23 11:27:11,067 [INFO] core.evaluator_v2: [snapkv] pred='Huw Irranca-Davies ensured the high qualification and quality of the workforce by engaging in a dialogue with providers,'
2026-08-23 11:27:15,496 [INFO] core.evaluator_v2: [snapkv] pred="The Welsh Government acknowledges the importance of children's rights and has not introduced any legislative changes tha"
2026-08-23 11:27:18,668 [INFO] core.evaluator_v2: [snapkv] pred='Project Manager agreed with Marketing because they both considered the remote control to be more suitable for right-hand'
2026-08-23 11:27:23,957 [INFO] core.evaluator_v2: [snapkv] pred='The team decided on a remote control design featuring a simple battery, an LCD display with a spinning wheel, advanced i'
2026-08-23 11:27:29,268 [INFO] core.evaluator_v2: [snapkv] pred='The meeting began with the Project Manager introducing the kick-off meeting agenda, which included discussing the design'
2026-08-23 11:27:32,471 [INFO] core.evaluator_v2: [snapkv] pred='The team discussed the importance of functional design for the new remote control, emphasizing that it should be origina'
2026-08-23 11:27:32,637 [WARNING] core.model_loader: Input length 18650 > max 16000, truncating...
2026-08-23 11:27:38,152 [INFO] core.evaluator_v2: [snapkv] pred='The group discussed the microphone data, focusing on the challenges of transcription and recognition. They mentioned iss'
2026-08-23 11:27:38,502 [WARNING] core.model_loader: Input length 18508 > max 16000, truncating...
2026-08-23 11:27:44,074 [INFO] core.evaluator_v2: [snapkv] pred="The Industrial Designer and the Project Manager discussed the LCD screen's design, agreeing that it should be placed on "
2026-08-23 11:27:44,276 [WARNING] core.model_loader: Input length 18111 > max 16000, truncating...
2026-08-23 11:27:50,320 [INFO] core.evaluator_v2: [snapkv] pred='The discussion about the early implementer areas focused on the success of the childcare offer pilots, the challenges of'
2026-08-23 11:27:50,579 [WARNING] core.model_loader: Input length 16085 > max 16000, truncating...
2026-08-23 11:27:55,557 [INFO] core.evaluator_v2: [snapkv] pred='The team presented a prototype model of a remote control with a fruit-like design, primarily strawberries, made of titan'
2026-08-23 11:27:55,790 [WARNING] core.model_loader: Input length 29065 > max 16000, truncating...
2026-08-23 11:27:58,607 [INFO] core.evaluator_v2: [snapkv] pred='The government was planning to roll out a policy to increase the borrowing limit to ease the deficit.'
2026-08-23 11:27:58,825 [WARNING] core.model_loader: Input length 20514 > max 16000, truncating...
2026-08-23 11:28:03,560 [INFO] core.evaluator_v2: [snapkv] pred="The team acknowledged that they had made some progress, but also recognized that they hadn't solved the problem complete"
2026-08-23 11:28:07,370 [INFO] core.evaluator_v2: [snapkv] pred='The group disagreed with the Project Manager because they felt that the level of information provided throughout the day'
2026-08-23 11:28:13,218 [INFO] core.evaluator_v2: [snapkv] pred='During the meeting, the project manager asked the team to present a prototype of a new remote control. The industrial de'
2026-08-23 11:28:15,198 [INFO] core.evaluator_v2: [snapkv] pred='The Project Manager suggested cutting down the functions to focus on a sleek design and to meet the budget goal of selli'
2026-08-23 11:28:15,534 [WARNING] core.model_loader: Input length 16079 > max 16000, truncating...
2026-08-23 11:28:19,824 [INFO] core.evaluator_v2: [snapkv] pred='The meeting was a detailed design discussion for a prototype remote control, with the team presenting the model and tech'
2026-08-23 11:28:20,026 [WARNING] core.model_loader: Input length 20145 > max 16000, truncating...
2026-08-23 11:28:22,863 [INFO] core.evaluator_v2: [snapkv] pred='A thought it was a good idea to record the meeting for future reference and to potentially involve others in solving pro'
2026-08-23 11:28:25,807 [INFO] core.evaluator_v2: [snapkv] pred='The Project Manager considered advanced technology design for the technical functions to ensure the remote control remai'
2026-08-23 11:28:28,945 [INFO] core.evaluator_v2: [snapkv] pred='The meeting was a kick-off for designing a new, original, and user-friendly remote control. The team discussed the impor'
2026-08-23 11:28:28,954 [INFO] __main__:   → qmsum: avg=14.30  collapse=0/30
2026-08-23 11:28:28,973 [INFO] core.results_manager: JSON saved to results/v3_verified/exp10_crossarch_phi3_20260823_111747.json
2026-08-23 11:28:28,974 [INFO] __main__: [중간 저장 완료] 5/8 방법
2026-08-23 11:28:28,975 [INFO] __main__: 
============================================================
2026-08-23 11:28:28,975 [INFO] __main__: Method: PyramidKV-adapted | kwargs={'invert_norm': True}
2026-08-23 11:28:28,976 [INFO] __main__: ============================================================
2026-08-23 11:28:28,976 [INFO] core.dataset_loader: Loading LongBench/qmsum ...
2026-08-23 11:28:29,064 [INFO] httpx: HTTP Request: GET https://huggingface.co/api/datasets/THUDM/LongBench/revision/5e628be450b7e67fb7ae6e201bd6d8f7056f7672 "HTTP/1.1 307 Temporary Redirect"
2026-08-23 11:28:29,172 [INFO] httpx: HTTP Request: GET https://huggingface.co/api/datasets/zai-org/LongBench/revision/5e628be450b7e67fb7ae6e201bd6d8f7056f7672 "HTTP/1.1 200 OK"
2026-08-23 11:28:29,640 [INFO] core.dataset_loader: Loaded 30 samples from qmsum
2026-08-23 11:28:31,861 [INFO] core.evaluator_v2: [pyramidkv] pred='The target price for the remote control is 25 Euros each, with a target cost of maximum 12 Euros per unit and a target p'
2026-08-23 11:28:35,025 [INFO] core.evaluator_v2: [pyramidkv] pred='Marketing discussed findings from a market trend investigation, noting that younger people prefer soft materials, primar'
2026-08-23 11:28:35,247 [WARNING] core.model_loader: Input length 17283 > max 16000, truncating...
2026-08-23 11:28:39,174 [INFO] core.evaluator_v2: [pyramidkv] pred='The SmartKom system had issues with instability and did not work as a fully functional version. It required shortcuts an'
2026-08-23 11:28:44,650 [INFO] core.evaluator_v2: [pyramidkv] pred='The team discussed the need to develop a remote control with voice recognition and a non-traditional shape, avoiding tou'
2026-08-23 11:28:47,596 [INFO] core.evaluator_v2: [pyramidkv] pred='The user interface designer proposed exploring two options for the industrial components: using titanium for the remote '
2026-08-23 11:28:47,940 [WARNING] core.model_loader: Input length 20514 > max 16000, truncating...
2026-08-23 11:28:50,979 [INFO] core.evaluator_v2: [pyramidkv] pred='The professor seemed to like MSG and thought it had potential, but also recognized that it might be complicated and sugg'
2026-08-23 11:28:51,198 [WARNING] core.model_loader: Input length 20148 > max 16000, truncating...
2026-08-23 11:28:55,551 [INFO] core.evaluator_v2: [pyramidkv] pred='D thought the experimental setup of the computer navigation system was ambitious, involving tasks that required the syst'
2026-08-23 11:28:55,878 [WARNING] core.model_loader: Input length 18121 > max 16000, truncating...
2026-08-23 11:28:59,247 [INFO] core.evaluator_v2: [pyramidkv] pred='The early implementer areas were chosen for their diverse range of childcare environments and complexities, allowing for'
2026-08-23 11:28:59,639 [WARNING] core.model_loader: Input length 18914 > max 16000, truncating...
2026-08-23 11:29:02,608 [INFO] core.evaluator_v2: [pyramidkv] pred='Grad E mentioned having an eighteen gigabyte drive installed on their computer, Samosa, which could potentially be used '
2026-08-23 11:29:05,870 [INFO] core.evaluator_v2: [pyramidkv] pred='The team discussed designing a child-proof remote control that is robust, waterproof, and possibly has a child lock. The'
2026-08-23 11:29:06,038 [WARNING] core.model_loader: Input length 18648 > max 16000, truncating...
2026-08-23 11:29:08,809 [INFO] core.evaluator_v2: [pyramidkv] pred='They decided to order nine identical headband microphones and to consider using wireless microphones for larger groups.'
2026-08-23 11:29:09,197 [WARNING] core.model_loader: Input length 18132 > max 16000, truncating...
2026-08-23 11:29:12,980 [INFO] core.evaluator_v2: [pyramidkv] pred='Huw Irranca-Davies ensured the high qualification and quality of the workforce by focusing on registered inspected provi'
2026-08-23 11:29:17,262 [INFO] core.evaluator_v2: [pyramidkv] pred="The Welsh Government is actively monitoring the impact of COVID-19 on children's rights and services, ensuring that esse"
2026-08-23 11:29:20,414 [INFO] core.evaluator_v2: [pyramidkv] pred='Project Manager agreed with Marketing because they both considered the remote control to be more suitable for right-hand'
2026-08-23 11:29:25,292 [INFO] core.evaluator_v2: [pyramidkv] pred='The team decided on a remote control with a curved, vegetable-themed design featuring an LCD display, advanced integrate'
2026-08-23 11:29:30,178 [INFO] core.evaluator_v2: [pyramidkv] pred='The meeting began with the Project Manager introducing the agenda and the kick-off meeting for designing a new televisio'
2026-08-23 11:29:32,989 [INFO] core.evaluator_v2: [pyramidkv] pred='The team discussed the importance of a functional design for the new remote control, emphasizing that it should be origi'
2026-08-23 11:29:33,174 [WARNING] core.model_loader: Input length 18650 > max 16000, truncating...
2026-08-23 11:29:38,489 [INFO] core.evaluator_v2: [pyramidkv] pred='The group discussed the microphone data, focusing on the quality of transcriptions and the potential for optimization. T'
2026-08-23 11:29:38,679 [WARNING] core.model_loader: Input length 18508 > max 16000, truncating...
2026-08-23 11:29:42,441 [INFO] core.evaluator_v2: [pyramidkv] pred='The Industrial Designer and the Project Manager discussed the necessity of using an advanced chip for the LCD screen, as'
2026-08-23 11:29:42,796 [WARNING] core.model_loader: Input length 18111 > max 16000, truncating...
2026-08-23 11:29:48,036 [INFO] core.evaluator_v2: [pyramidkv] pred='The discussion about the early implementer areas focused on the success of the childcare offer pilots, the challenges of'
2026-08-23 11:29:48,227 [WARNING] core.model_loader: Input length 16085 > max 16000, truncating...
2026-08-23 11:29:52,625 [INFO] core.evaluator_v2: [pyramidkv] pred='The team presented a prototype model of a remote control with a fruit-themed design, primarily strawberries, and discuss'
2026-08-23 11:29:52,872 [WARNING] core.model_loader: Input length 29065 > max 16000, truncating...
2026-08-23 11:29:56,287 [INFO] core.evaluator_v2: [pyramidkv] pred='The government was going to roll out a policy to adjust the eligibility criteria for the emergency wage subsidy program '
2026-08-23 11:29:56,489 [WARNING] core.model_loader: Input length 20514 > max 16000, truncating...
2026-08-23 11:30:00,872 [INFO] core.evaluator_v2: [pyramidkv] pred='The team acknowledged that they had made some progress, but also recognized that there were still many open questions an'
2026-08-23 11:30:06,095 [INFO] core.evaluator_v2: [pyramidkv] pred='The group disagreed with the Project Manager because they felt the meetings were not as productive as they could have be'
2026-08-23 11:30:12,026 [INFO] core.evaluator_v2: [pyramidkv] pred='During the meeting, the team discussed the prototype of a new remote control, focusing on its design, functionality, and'
2026-08-23 11:30:14,208 [INFO] core.evaluator_v2: [pyramidkv] pred='The Project Manager suggested simplifying the functions and buttons of the remote control to cater to the younger demogr'
2026-08-23 11:30:14,387 [WARNING] core.model_loader: Input length 16079 > max 16000, truncating...
2026-08-23 11:30:20,037 [INFO] core.evaluator_v2: [pyramidkv] pred='The meeting was a detailed design discussion for a prototype remote control, with the team presenting the model and tech'
2026-08-23 11:30:20,269 [WARNING] core.model_loader: Input length 20145 > max 16000, truncating...
2026-08-23 11:30:23,297 [INFO] core.evaluator_v2: [pyramidkv] pred='A thought it was a good idea to record the meeting for future reference and to have the help of the attendees in solving'
2026-08-23 11:30:25,801 [INFO] core.evaluator_v2: [pyramidkv] pred='The Project Manager considered advanced technology design for the remote control to ensure the product would not become '
2026-08-23 11:30:29,822 [INFO] core.evaluator_v2: [pyramidkv] pred='The meeting was a kick-off for designing a new, original, and user-friendly remote control. The team discussed the impor'
2026-08-23 11:30:29,825 [INFO] __main__:   → qmsum: avg=15.52  collapse=0/30
2026-08-23 11:30:29,845 [INFO] core.results_manager: JSON saved to results/v3_verified/exp10_crossarch_phi3_20260823_111747.json
2026-08-23 11:30:29,845 [INFO] __main__: [중간 저장 완료] 6/8 방법
2026-08-23 11:30:29,846 [INFO] __main__: 
============================================================
2026-08-23 11:30:29,846 [INFO] __main__: Method: SalienceKV(sink=0) | kwargs={'sink_size': 0, 'invert_norm': True}
2026-08-23 11:30:29,847 [INFO] __main__: ============================================================
2026-08-23 11:30:29,847 [INFO] core.dataset_loader: Loading LongBench/qmsum ...
2026-08-23 11:30:29,942 [INFO] httpx: HTTP Request: GET https://huggingface.co/api/datasets/THUDM/LongBench/revision/5e628be450b7e67fb7ae6e201bd6d8f7056f7672 "HTTP/1.1 307 Temporary Redirect"
2026-08-23 11:30:30,063 [INFO] httpx: HTTP Request: GET https://huggingface.co/api/datasets/zai-org/LongBench/revision/5e628be450b7e67fb7ae6e201bd6d8f7056f7672 "HTTP/1.1 200 OK"
2026-08-23 11:30:30,399 [INFO] core.dataset_loader: Loaded 30 samples from qmsum
2026-08-23 11:30:32,691 [INFO] core.evaluator_v2: [ours] pred='The target price for the remote control is 25 Euros, the target cost is estimated to be no more than 12.5 Euros per unit'
2026-08-23 11:30:35,528 [INFO] core.evaluator_v2: [ours] pred='Marketing discussed that young people prefer remote controls with a soft, rubber hand shape and a curved design, similar'
2026-08-23 11:30:35,803 [WARNING] core.model_loader: Input length 17283 > max 16000, truncating...
2026-08-23 11:30:39,248 [INFO] core.evaluator_v2: [ours] pred='The SmartKom system had issues with incompleteness and frustration, as it did not cover the entire space of possibilitie'
2026-08-23 11:30:43,379 [INFO] core.evaluator_v2: [ours] pred='The team discussed past meetings where they felt under-stimulated and under pressure, particularly during the brainstorm'
2026-08-23 11:30:46,440 [INFO] core.evaluator_v2: [ours] pred='The user interface designer proposed exploring the idea of having a remote control with a fruit-themed design, possibly '
2026-08-23 11:30:46,619 [WARNING] core.model_loader: Input length 20514 > max 16000, truncating...
2026-08-23 11:30:50,140 [INFO] core.evaluator_v2: [ours] pred='The professor appreciated MSG for its different temporal properties and potential for incorporating various temporal cha'
2026-08-23 11:30:50,344 [WARNING] core.model_loader: Input length 20148 > max 16000, truncating...
2026-08-23 11:30:53,752 [INFO] core.evaluator_v2: [ours] pred='D thought the experimental setup of the computer navigation system was problematic because it would take users to the be'
2026-08-23 11:30:53,942 [WARNING] core.model_loader: Input length 18121 > max 16000, truncating...
2026-08-23 11:30:57,233 [INFO] core.evaluator_v2: [ours] pred='The early implementer areas were chosen for their specific needs and challenges, and the intensity of demands for servic'
2026-08-23 11:30:57,558 [WARNING] core.model_loader: Input length 18914 > max 16000, truncating...
2026-08-23 11:31:00,350 [INFO] core.evaluator_v2: [ours] pred='Grad E mentioned that they had a computer with a large hard drive and offered to store the data for the group.'
2026-08-23 11:31:04,630 [INFO] core.evaluator_v2: [ours] pred='The team discussed designing a child-friendly remote control, emphasizing robustness, simplicity, and safety. They consi'
2026-08-23 11:31:04,904 [WARNING] core.model_loader: Input length 18648 > max 16000, truncating...
2026-08-23 11:31:08,477 [INFO] core.evaluator_v2: [ours] pred='They decided to order one more wireless headset, a Sony model, and to consider making custom handbands for comfort. They'
2026-08-23 11:31:08,658 [WARNING] core.model_loader: Input length 18132 > max 16000, truncating...
2026-08-23 11:31:12,888 [INFO] core.evaluator_v2: [ours] pred='Huw Irranca-Davies ensured the high qualification and quality of the workforce by focusing on registered inspected provi'
2026-08-23 11:31:17,613 [INFO] core.evaluator_v2: [ours] pred="The committee members expressed a strong commitment to upholding children's rights and ensuring their protection during "
2026-08-23 11:31:21,095 [INFO] core.evaluator_v2: [ours] pred='Project Manager agreed with Marketing because they both acknowledged that while the remote control is designed for right'
2026-08-23 11:31:26,317 [INFO] core.evaluator_v2: [ours] pred='The team decided on a remote control design featuring a simple battery, advanced integrated circuits, a curved one-sided'
2026-08-23 11:31:31,441 [INFO] core.evaluator_v2: [ours] pred='The meeting began with a discussion on the design and functionality of a new universal remote control aiming for a globa'
2026-08-23 11:31:34,089 [INFO] core.evaluator_v2: [ours] pred='The team discussed function design and agreed on the need for a universal remote control with adaptability for left or r'
2026-08-23 11:31:34,238 [WARNING] core.model_loader: Input length 18650 > max 16000, truncating...
2026-08-23 11:31:38,637 [INFO] core.evaluator_v2: [ours] pred='The group discussed the microphone data, focusing on the need for more microphones, the cost of additional units, and th'
2026-08-23 11:31:38,897 [WARNING] core.model_loader: Input length 18508 > max 16000, truncating...
2026-08-23 11:31:43,070 [INFO] core.evaluator_v2: [ours] pred='The Industrial Designer and the Project Manager discussed the necessity of the LCD screen for the remote control, with t'
2026-08-23 11:31:43,243 [WARNING] core.model_loader: Input length 18111 > max 16000, truncating...
2026-08-23 11:31:48,232 [INFO] core.evaluator_v2: [ours] pred='The discussion about the early implementer areas focused on the importance of these areas in piloting the childcare offe'
2026-08-23 11:31:48,522 [WARNING] core.model_loader: Input length 16085 > max 16000, truncating...
2026-08-23 11:31:54,579 [INFO] core.evaluator_v2: [ours] pred='The team presented a prototype model of a unique remote control featuring a strawberry design, with a focus on safety, a'
2026-08-23 11:31:54,801 [WARNING] core.model_loader: Input length 29065 > max 16000, truncating...
2026-08-23 11:31:58,437 [INFO] core.evaluator_v2: [ours] pred='The government was going to roll out a policy to ensure consistent criteria for all employees and Canadians struggling i'
2026-08-23 11:31:58,669 [WARNING] core.model_loader: Input length 20514 > max 16000, truncating...
2026-08-23 11:32:02,429 [INFO] core.evaluator_v2: [ours] pred='The team felt they had made progress, but acknowledged that nothing they did would completely solve the problem. They we'
2026-08-23 11:32:06,608 [INFO] core.evaluator_v2: [ours] pred='The group disagreed with the Project Manager because they felt the meetings were not productive and they were under-stim'
2026-08-23 11:32:10,821 [INFO] core.evaluator_v2: [ours] pred='During the meeting, the team discussed the design and cost of a new remote control, evaluating its features such as the '
2026-08-23 11:32:13,004 [INFO] core.evaluator_v2: [ours] pred='The Project Manager suggested reducing the number of functions and buttons on the remote control to focus on the basics '
2026-08-23 11:32:13,183 [WARNING] core.model_loader: Input length 16079 > max 16000, truncating...
2026-08-23 11:32:18,129 [INFO] core.evaluator_v2: [ours] pred='The meeting involved a team of designers and engineers discussing the development of a new remote control with unique fe'
2026-08-23 11:32:18,336 [WARNING] core.model_loader: Input length 20145 > max 16000, truncating...
2026-08-23 11:32:21,081 [INFO] core.evaluator_v2: [ours] pred='A thought it would be a good idea to set up recording equipment for the meeting.'
2026-08-23 11:32:24,019 [INFO] core.evaluator_v2: [ours] pred='The Project Manager considered advanced technology design for the technical functions to ensure the product would appeal'
2026-08-23 11:32:27,935 [INFO] core.evaluator_v2: [ours] pred='The meeting involved brainstorming for a new universal remote control design, focusing on features like size, color, but'
2026-08-23 11:32:27,938 [INFO] __main__:   → qmsum: avg=15.15  collapse=0/30
2026-08-23 11:32:27,954 [INFO] core.results_manager: JSON saved to results/v3_verified/exp10_crossarch_phi3_20260823_111747.json
2026-08-23 11:32:27,955 [INFO] __main__: [중간 저장 완료] 7/8 방법
2026-08-23 11:32:27,955 [INFO] __main__: 
============================================================
2026-08-23 11:32:27,956 [INFO] __main__: Method: SalienceKV(sink=4) | kwargs={'sink_size': 4, 'invert_norm': True}
2026-08-23 11:32:27,956 [INFO] __main__: ============================================================
2026-08-23 11:32:27,956 [INFO] core.dataset_loader: Loading LongBench/qmsum ...
2026-08-23 11:32:28,013 [INFO] httpx: HTTP Request: GET https://huggingface.co/api/datasets/THUDM/LongBench/revision/5e628be450b7e67fb7ae6e201bd6d8f7056f7672 "HTTP/1.1 307 Temporary Redirect"
2026-08-23 11:32:28,074 [INFO] httpx: HTTP Request: GET https://huggingface.co/api/datasets/zai-org/LongBench/revision/5e628be450b7e67fb7ae6e201bd6d8f7056f7672 "HTTP/1.1 200 OK"
2026-08-23 11:32:28,400 [INFO] core.dataset_loader: Loaded 30 samples from qmsum
2026-08-23 11:32:30,649 [INFO] core.evaluator_v2: [ours] pred='The target price for the remote control is 25 Euros, the target cost is estimated to be no more than 12.5 Euros per unit'
2026-08-23 11:32:33,597 [INFO] core.evaluator_v2: [ours] pred='Marketing discussed that young people prefer remote controls with a soft, rubber hand shape and a curved design, similar'
2026-08-23 11:32:33,762 [WARNING] core.model_loader: Input length 17283 > max 16000, truncating...
2026-08-23 11:32:37,783 [INFO] core.evaluator_v2: [ours] pred='The problems encountered with the SmartKom system included issues with deixis and reference, as well as challenges in fo'
2026-08-23 11:32:41,782 [INFO] core.evaluator_v2: [ours] pred='The team discussed past meetings where they felt under-stimulated and under pressure, particularly during the brainstorm'
2026-08-23 11:32:44,696 [INFO] core.evaluator_v2: [ours] pred='The user interface designer proposed exploring the idea of having a remote control with a fruit-themed design, possibly '
2026-08-23 11:32:44,875 [WARNING] core.model_loader: Input length 20514 > max 16000, truncating...
2026-08-23 11:32:48,445 [INFO] core.evaluator_v2: [ours] pred='The professor appreciated MSG for its different temporal properties and potential for incorporating various temporal cha'
2026-08-23 11:32:48,624 [WARNING] core.model_loader: Input length 20148 > max 16000, truncating...
2026-08-23 11:32:52,028 [INFO] core.evaluator_v2: [ours] pred='D thought the experimental setup of the computer navigation system was problematic because it would take users to the be'
2026-08-23 11:32:52,209 [WARNING] core.model_loader: Input length 18121 > max 16000, truncating...
2026-08-23 11:32:55,376 [INFO] core.evaluator_v2: [ours] pred='The early implementer areas were chosen for their specific needs and challenges, and the intention was to address these '
2026-08-23 11:32:55,570 [WARNING] core.model_loader: Input length 18914 > max 16000, truncating...
2026-08-23 11:32:58,519 [INFO] core.evaluator_v2: [ours] pred='Grad E mentioned that they had a computer with a large hard drive and offered to store the data for the group.'
2026-08-23 11:33:01,879 [INFO] core.evaluator_v2: [ours] pred='The team discussed designing a child-friendly remote control, emphasizing robustness, simplicity, and safety. They consi'
2026-08-23 11:33:02,031 [WARNING] core.model_loader: Input length 18648 > max 16000, truncating...
2026-08-23 11:33:05,628 [INFO] core.evaluator_v2: [ours] pred='They decided to order one more wireless headset, a Sony model, and to consider making custom handbands for comfort. They'
2026-08-23 11:33:05,810 [WARNING] core.model_loader: Input length 18132 > max 16000, truncating...
2026-08-23 11:33:09,734 [INFO] core.evaluator_v2: [ours] pred='Huw Irranca-Davies ensured the high qualification and quality of the workforce by focusing on registered inspected provi'
2026-08-23 11:33:14,268 [INFO] core.evaluator_v2: [ours] pred="The committee members expressed a strong commitment to upholding children's rights and ensuring their protection during "
2026-08-23 11:33:17,708 [INFO] core.evaluator_v2: [ours] pred="Project Manager agreed with Marketing because they both acknowledged that the remote control's design, which allows for "
2026-08-23 11:33:22,972 [INFO] core.evaluator_v2: [ours] pred='The team decided on a remote control design featuring a simple battery, advanced integrated circuits, a curved one-sided'
2026-08-23 11:33:29,311 [INFO] core.evaluator_v2: [ours] pred='The meeting began with a discussion on the design and functionality of a new universal remote control aiming for a globa'
2026-08-23 11:33:32,546 [INFO] core.evaluator_v2: [ours] pred='The team discussed function design and agreed on the need for a universal remote control with adaptability for left or r'
2026-08-23 11:33:32,715 [WARNING] core.model_loader: Input length 18650 > max 16000, truncating...
2026-08-23 11:33:37,164 [INFO] core.evaluator_v2: [ours] pred='The group discussed the microphone data, focusing on the need for more microphones, the cost of additional units, and th'
2026-08-23 11:33:37,357 [WARNING] core.model_loader: Input length 18508 > max 16000, truncating...
2026-08-23 11:33:41,541 [INFO] core.evaluator_v2: [ours] pred='The Industrial Designer and the Project Manager discussed the necessity of the LCD screen for the remote control, with t'
2026-08-23 11:33:41,744 [WARNING] core.model_loader: Input length 18111 > max 16000, truncating...
2026-08-23 11:33:46,606 [INFO] core.evaluator_v2: [ours] pred='The discussion about the early implementer areas focused on the importance of these areas in piloting the childcare offe'
2026-08-23 11:33:46,786 [WARNING] core.model_loader: Input length 16085 > max 16000, truncating...
2026-08-23 11:33:52,356 [INFO] core.evaluator_v2: [ours] pred='The team presented a prototype model of a unique remote control featuring a strawberry design, with a focus on safety, a'
2026-08-23 11:33:52,569 [WARNING] core.model_loader: Input length 29065 > max 16000, truncating...
2026-08-23 11:33:55,998 [INFO] core.evaluator_v2: [ours] pred='The government was going to roll out a policy to ensure consistent criteria for all employees and Canadians struggling i'
2026-08-23 11:33:56,169 [WARNING] core.model_loader: Input length 20514 > max 16000, truncating...
2026-08-23 11:33:59,763 [INFO] core.evaluator_v2: [ours] pred='The team felt they had made progress, but acknowledged that nothing they did would completely solve the problem. They we'
2026-08-23 11:34:03,890 [INFO] core.evaluator_v2: [ours] pred='The group disagreed with the Project Manager because they felt the meetings were not productive and they were under-stim'
2026-08-23 11:34:08,226 [INFO] core.evaluator_v2: [ours] pred='During the meeting, the team discussed the design and cost of a new remote control, evaluating its features such as the '
2026-08-23 11:34:10,497 [INFO] core.evaluator_v2: [ours] pred='The Project Manager suggested reducing the number of functions and buttons on the remote control to focus on the basics '
2026-08-23 11:34:10,655 [WARNING] core.model_loader: Input length 16079 > max 16000, truncating...
2026-08-23 11:34:15,034 [INFO] core.evaluator_v2: [ours] pred='The team discussed the design and functionality of a new remote control, focusing on features like speech recognition, l'
2026-08-23 11:34:15,223 [WARNING] core.model_loader: Input length 20145 > max 16000, truncating...
2026-08-23 11:34:17,912 [INFO] core.evaluator_v2: [ours] pred='A thought it would be a good idea to set up recording equipment for the meeting.'
2026-08-23 11:34:21,085 [INFO] core.evaluator_v2: [ours] pred='The Project Manager considered advanced technology design for the technical functions to ensure the product would appeal'
2026-08-23 11:34:24,507 [INFO] core.evaluator_v2: [ours] pred='The meeting involved brainstorming for a new universal remote control design, focusing on features like size, color, but'
2026-08-23 11:34:24,526 [INFO] __main__:   → qmsum: avg=15.35  collapse=0/30
2026-08-23 11:34:24,545 [INFO] core.results_manager: JSON saved to results/v3_verified/exp10_crossarch_phi3_20260823_111747.json
2026-08-23 11:34:24,546 [INFO] __main__: [중간 저장 완료] 8/8 방법
2026-08-23 11:34:24,560 [INFO] core.results_manager: Results saved to results/v3_verified/exp10_crossarch_phi3_20260823_111747.csv
2026-08-23 11:34:24,561 [INFO] __main__: 
완료: 8개 방법
2026-08-23 11:34:24,561 [INFO] __main__:   FullKV                   avg_score= 15.73  collapse=  0.0%
2026-08-23 11:34:24,562 [INFO] __main__:   StreamingLLM             avg_score= 13.91  collapse=  0.0%
2026-08-23 11:34:24,562 [INFO] __main__:   H2O(sink=0)              avg_score= 14.80  collapse=  0.0%
2026-08-23 11:34:24,563 [INFO] __main__:   H2O(sink=4)              avg_score= 14.85  collapse=  0.0%
2026-08-23 11:34:24,564 [INFO] __main__:   SnapKV                   avg_score= 14.30  collapse=  0.0%
2026-08-23 11:34:24,564 [INFO] __main__:   PyramidKV-adapted        avg_score= 15.52  collapse=  0.0%
2026-08-23 11:34:24,565 [INFO] __main__:   SalienceKV(sink=0)       avg_score= 15.15  collapse=  0.0%
2026-08-23 11:34:24,565 [INFO] __main__:   SalienceKV(sink=4)       avg_score= 15.35  collapse=  0.0%
