2026-07-04 21:52:06,530 [INFO] __main__: Experiment 1: Main Results
2026-07-04 21:52:06,531 [INFO] __main__:   Model: phi-3-mini
2026-07-04 21:52:06,531 [INFO] __main__:   Mode: cross
2026-07-04 21:52:06,532 [INFO] __main__:   Budget: 20%
2026-07-04 21:52:06,532 [INFO] __main__:   Tasks: ['narrativeqa']
2026-07-04 21:52:06,532 [INFO] __main__:   Methods: ['fullkv', 'adakv', 'ours']
2026-07-04 21:52:06,533 [INFO] __main__:   Samples/task: 1
2026-07-04 21:52:06,533 [INFO] __main__: 
Loading model: phi-3-mini ...
2026-07-04 21:52:06,534 [INFO] core.model_loader: Loading tokenizer: microsoft/Phi-3-mini-128k-instruct
2026-07-04 21:52:06,670 [INFO] httpx: HTTP Request: HEAD https://huggingface.co/microsoft/Phi-3-mini-128k-instruct/resolve/main/config.json "HTTP/1.1 307 Temporary Redirect"
2026-07-04 21:52:06,672 [WARNING] huggingface_hub.utils._http: Warning: You are sending unauthenticated requests to the HF Hub. Please set a HF_TOKEN to enable higher rate limits and faster downloads.
2026-07-04 21:52:06,677 [INFO] httpx: HTTP Request: HEAD https://huggingface.co/api/resolve-cache/models/microsoft/Phi-3-mini-128k-instruct/f3c06aed622e14ca0abf5115094e4fc9a9948f36/config.json "HTTP/1.1 200 OK"
2026-07-04 21:52:06,744 [INFO] httpx: HTTP Request: GET https://huggingface.co/api/resolve-cache/models/microsoft/Phi-3-mini-128k-instruct/f3c06aed622e14ca0abf5115094e4fc9a9948f36/config.json "HTTP/1.1 200 OK"
2026-07-04 21:52:06,822 [INFO] httpx: HTTP Request: HEAD https://huggingface.co/microsoft/Phi-3-mini-128k-instruct/resolve/main/configuration_phi3.py "HTTP/1.1 307 Temporary Redirect"
2026-07-04 21:52:06,829 [INFO] httpx: HTTP Request: HEAD https://huggingface.co/api/resolve-cache/models/microsoft/Phi-3-mini-128k-instruct/f3c06aed622e14ca0abf5115094e4fc9a9948f36/configuration_phi3.py "HTTP/1.1 200 OK"
2026-07-04 21:52:06,868 [INFO] httpx: HTTP Request: GET https://huggingface.co/api/resolve-cache/models/microsoft/Phi-3-mini-128k-instruct/f3c06aed622e14ca0abf5115094e4fc9a9948f36/configuration_phi3.py "HTTP/1.1 200 OK"
2026-07-04 21:52:07,012 [INFO] httpx: HTTP Request: HEAD https://huggingface.co/microsoft/Phi-3-mini-128k-instruct/resolve/main/config.json "HTTP/1.1 307 Temporary Redirect"
2026-07-04 21:52:07,020 [INFO] httpx: HTTP Request: HEAD https://huggingface.co/api/resolve-cache/models/microsoft/Phi-3-mini-128k-instruct/f3c06aed622e14ca0abf5115094e4fc9a9948f36/config.json "HTTP/1.1 200 OK"
2026-07-04 21:52:07,068 [INFO] httpx: HTTP Request: HEAD https://huggingface.co/microsoft/Phi-3-mini-128k-instruct/resolve/main/tokenizer_config.json "HTTP/1.1 307 Temporary Redirect"
2026-07-04 21:52:07,074 [INFO] httpx: HTTP Request: HEAD https://huggingface.co/api/resolve-cache/models/microsoft/Phi-3-mini-128k-instruct/f3c06aed622e14ca0abf5115094e4fc9a9948f36/tokenizer_config.json "HTTP/1.1 200 OK"
2026-07-04 21:52:07,108 [INFO] httpx: HTTP Request: GET https://huggingface.co/api/resolve-cache/models/microsoft/Phi-3-mini-128k-instruct/f3c06aed622e14ca0abf5115094e4fc9a9948f36/tokenizer_config.json "HTTP/1.1 200 OK"
2026-07-04 21:52:07,175 [INFO] httpx: HTTP Request: HEAD https://huggingface.co/microsoft/Phi-3-mini-128k-instruct/resolve/main/tokenizer_config.json "HTTP/1.1 307 Temporary Redirect"
2026-07-04 21:52:07,182 [INFO] httpx: HTTP Request: HEAD https://huggingface.co/api/resolve-cache/models/microsoft/Phi-3-mini-128k-instruct/f3c06aed622e14ca0abf5115094e4fc9a9948f36/tokenizer_config.json "HTTP/1.1 200 OK"
2026-07-04 21:52:07,253 [INFO] httpx: HTTP Request: GET https://huggingface.co/api/models/microsoft/Phi-3-mini-128k-instruct/tree/main/additional_chat_templates?recursive=false&expand=false "HTTP/1.1 404 Not Found"
2026-07-04 21:52:07,294 [INFO] httpx: HTTP Request: GET https://huggingface.co/api/models/microsoft/Phi-3-mini-128k-instruct/tree/main?recursive=true&expand=false "HTTP/1.1 200 OK"
2026-07-04 21:52:07,350 [INFO] httpx: HTTP Request: HEAD https://huggingface.co/microsoft/Phi-3-mini-128k-instruct/resolve/main/tokenizer.json "HTTP/1.1 307 Temporary Redirect"
2026-07-04 21:52:07,373 [INFO] httpx: HTTP Request: HEAD https://huggingface.co/api/resolve-cache/models/microsoft/Phi-3-mini-128k-instruct/f3c06aed622e14ca0abf5115094e4fc9a9948f36/tokenizer.json "HTTP/1.1 200 OK"
2026-07-04 21:52:07,411 [INFO] httpx: HTTP Request: GET https://huggingface.co/api/resolve-cache/models/microsoft/Phi-3-mini-128k-instruct/f3c06aed622e14ca0abf5115094e4fc9a9948f36/tokenizer.json "HTTP/1.1 200 OK"
2026-07-04 21:52:07,515 [INFO] httpx: HTTP Request: HEAD https://huggingface.co/microsoft/Phi-3-mini-128k-instruct/resolve/main/tokenizer.model "HTTP/1.1 302 Found"
2026-07-04 21:52:08,096 [INFO] httpx: HTTP Request: HEAD https://huggingface.co/microsoft/Phi-3-mini-128k-instruct/resolve/main/added_tokens.json "HTTP/1.1 307 Temporary Redirect"
2026-07-04 21:52:08,148 [INFO] httpx: HTTP Request: HEAD https://huggingface.co/api/resolve-cache/models/microsoft/Phi-3-mini-128k-instruct/f3c06aed622e14ca0abf5115094e4fc9a9948f36/added_tokens.json "HTTP/1.1 200 OK"
2026-07-04 21:52:08,187 [INFO] httpx: HTTP Request: GET https://huggingface.co/api/resolve-cache/models/microsoft/Phi-3-mini-128k-instruct/f3c06aed622e14ca0abf5115094e4fc9a9948f36/added_tokens.json "HTTP/1.1 200 OK"
2026-07-04 21:52:08,263 [INFO] httpx: HTTP Request: HEAD https://huggingface.co/microsoft/Phi-3-mini-128k-instruct/resolve/main/special_tokens_map.json "HTTP/1.1 307 Temporary Redirect"
2026-07-04 21:52:08,287 [INFO] httpx: HTTP Request: HEAD https://huggingface.co/api/resolve-cache/models/microsoft/Phi-3-mini-128k-instruct/f3c06aed622e14ca0abf5115094e4fc9a9948f36/special_tokens_map.json "HTTP/1.1 200 OK"
2026-07-04 21:52:08,356 [INFO] httpx: HTTP Request: GET https://huggingface.co/api/resolve-cache/models/microsoft/Phi-3-mini-128k-instruct/f3c06aed622e14ca0abf5115094e4fc9a9948f36/special_tokens_map.json "HTTP/1.1 200 OK"
2026-07-04 21:52:08,415 [INFO] httpx: HTTP Request: HEAD https://huggingface.co/microsoft/Phi-3-mini-128k-instruct/resolve/main/chat_template.jinja "HTTP/1.1 404 Not Found"
2026-07-04 21:52:08,732 [INFO] core.model_loader: Loading model: microsoft/Phi-3-mini-128k-instruct in torch.float16
2026-07-04 21:52:08,762 [INFO] httpx: HTTP Request: HEAD https://huggingface.co/microsoft/Phi-3-mini-128k-instruct/resolve/main/config.json "HTTP/1.1 307 Temporary Redirect"
2026-07-04 21:52:08,768 [INFO] httpx: HTTP Request: HEAD https://huggingface.co/api/resolve-cache/models/microsoft/Phi-3-mini-128k-instruct/f3c06aed622e14ca0abf5115094e4fc9a9948f36/config.json "HTTP/1.1 200 OK"
2026-07-04 21:52:08,826 [INFO] httpx: HTTP Request: HEAD https://huggingface.co/microsoft/Phi-3-mini-128k-instruct/resolve/main/configuration_phi3.py "HTTP/1.1 307 Temporary Redirect"
2026-07-04 21:52:08,832 [INFO] httpx: HTTP Request: HEAD https://huggingface.co/api/resolve-cache/models/microsoft/Phi-3-mini-128k-instruct/f3c06aed622e14ca0abf5115094e4fc9a9948f36/configuration_phi3.py "HTTP/1.1 200 OK"
2026-07-04 21:52:08,906 [INFO] httpx: HTTP Request: HEAD https://huggingface.co/microsoft/Phi-3-mini-128k-instruct/resolve/main/modeling_phi3.py "HTTP/1.1 307 Temporary Redirect"
2026-07-04 21:52:08,920 [INFO] httpx: HTTP Request: HEAD https://huggingface.co/api/resolve-cache/models/microsoft/Phi-3-mini-128k-instruct/f3c06aed622e14ca0abf5115094e4fc9a9948f36/modeling_phi3.py "HTTP/1.1 200 OK"
2026-07-04 21:52:08,951 [INFO] httpx: HTTP Request: GET https://huggingface.co/api/resolve-cache/models/microsoft/Phi-3-mini-128k-instruct/f3c06aed622e14ca0abf5115094e4fc9a9948f36/modeling_phi3.py "HTTP/1.1 200 OK"
2026-07-04 21:52:09,720 [WARNING] transformers_modules.microsoft.Phi_hyphen_3_hyphen_mini_hyphen_128k_hyphen_instruct.f3c06aed622e14ca0abf5115094e4fc9a9948f36.modeling_phi3: `flash-attention` package not found, consider installing for better performance: No module named 'flash_attn'.
2026-07-04 21:52:09,721 [WARNING] transformers_modules.microsoft.Phi_hyphen_3_hyphen_mini_hyphen_128k_hyphen_instruct.f3c06aed622e14ca0abf5115094e4fc9a9948f36.modeling_phi3: Current `flash-attention` does not support `window_size`. Either upgrade or use `attn_implementation='eager'`.
2026-07-04 21:52:09,770 [INFO] httpx: HTTP Request: HEAD https://huggingface.co/microsoft/Phi-3-mini-128k-instruct/resolve/main/model.safetensors "HTTP/1.1 404 Not Found"
2026-07-04 21:52:09,812 [INFO] httpx: HTTP Request: HEAD https://huggingface.co/microsoft/Phi-3-mini-128k-instruct/resolve/main/model.safetensors.index.json "HTTP/1.1 307 Temporary Redirect"
2026-07-04 21:52:09,835 [INFO] httpx: HTTP Request: HEAD https://huggingface.co/api/resolve-cache/models/microsoft/Phi-3-mini-128k-instruct/f3c06aed622e14ca0abf5115094e4fc9a9948f36/model.safetensors.index.json "HTTP/1.1 200 OK"
2026-07-04 21:52:09,870 [INFO] httpx: HTTP Request: GET https://huggingface.co/api/resolve-cache/models/microsoft/Phi-3-mini-128k-instruct/f3c06aed622e14ca0abf5115094e4fc9a9948f36/model.safetensors.index.json "HTTP/1.1 200 OK"
2026-07-04 21:52:09,948 [INFO] httpx: HTTP Request: GET https://huggingface.co/api/models/microsoft/Phi-3-mini-128k-instruct/revision/main "HTTP/1.1 200 OK"
2026-07-04 21:52:10,006 [INFO] httpx: HTTP Request: GET https://huggingface.co/api/models/microsoft/Phi-3-mini-128k-instruct/tree/f3c06aed622e14ca0abf5115094e4fc9a9948f36?recursive=true&expand=false "HTTP/1.1 200 OK"
